### run.sh list ###
>> target=arm64 image=openvino-2020.3-movidius-arm64:latest platform=linux/arm64
>> docker run --rm --platform linux/arm64 --name ov203-myriad-arm64-41857 --network=host -v /dev:/dev --device-cgroup-rule=c\ 189:\*\ rwm -e OV_ROOT=/opt/openvino openvino-2020.3-movidius-arm64:latest --demo --list-only
OV target     : arm64
OV install    : /opt/openvino
OV libraries  : /opt/openvino/inference_engine/lib/aarch64 (arch dir: aarch64)
stick firmware: pcie-ma248x.mvcmd usb-ma2x8x.mvcmd usb-ma2450.mvcmd 
OpenVINO InferenceEngine smoke test
available devices : MYRIAD
  plugin MYRIAD   api 2.1 build custom__ (myriadPlugin)
RESULT: MYRIAD present

### run.sh demo (tiny model) ###
>> target=arm64 image=openvino-2020.3-movidius-arm64:latest platform=linux/arm64
>> docker run --rm --platform linux/arm64 --name ov203-myriad-arm64-41969 --network=host -v /dev:/dev --device-cgroup-rule=c\ 189:\*\ rwm -e OV_ROOT=/opt/openvino openvino-2020.3-movidius-arm64:latest --demo
OV target     : arm64
OV install    : /opt/openvino
OV libraries  : /opt/openvino/inference_engine/lib/aarch64 (arch dir: aarch64)
stick firmware: pcie-ma248x.mvcmd usb-ma2x8x.mvcmd usb-ma2450.mvcmd 
OpenVINO InferenceEngine smoke test
available devices : MYRIAD
  plugin MYRIAD   api 2.1 build custom__ (myriadPlugin)

reading model   : /opt/openvino-demo/model/model.xml + /opt/openvino-demo/model/model.bin
network         : tiny_conv_fp16
  input  input dims 1,3,32,32 -> FP16 NCHW
  output conv dims 1,8,32,32 FP32
loading on      : MYRIAD (first load compiles the graph on the VPU)
load+compile    : 1488.05 ms
  inference 1 : 1.87 ms
  inference 2 : 1.74 ms
  inference 3 : 1.79 ms
mean inference  : 1.80 ms (555.67 fps)
  output conv (1,8,32,32, desc precision FP32, 4 B/elem) min -1.05859 max 2.64844 mean 1.02026
RESULT: PASS
