
[1m== local dependency mirror ==[0m
   firmware package version: 1656
   supported firmwares     : usb-ma2450 usb-ma2x8x pcie-ma248x
wrote firmware_usb-ma2450_1656.zip (mvnc/usb-ma2450.mvcmd, 1795780 B)
wrote firmware_usb-ma2x8x_1656.zip (mvnc/usb-ma2x8x.mvcmd, 2040216 B)
wrote firmware_pcie-ma248x_1656.zip (mvnc/pcie-ma248x.mvcmd, 1800408 B)

local dependency mirror (/home/chris/workspace/flash-movidius-openvino/openvino-2020.3-rpi5/vendor/deps):
total 2740
-rw-rw-r-- 1 chris chris  883723 Sep 20 01:51 firmware_pcie-ma248x_1656.zip
-rw-rw-r-- 1 chris chris  909254 Sep 20 01:51 firmware_usb-ma2450_1656.zip
-rw-rw-r-- 1 chris chris 1010192 Sep 20 01:51 firmware_usb-ma2x8x_1656.zip

[1m== reset vendor/openvino-2020.3.2 to pristine and apply patches/ ==[0m
   skipping patches by request (--no-patches): expect the build to fail
SYNC_STAMP=0b3773b7405d955d48642667ac5113289b9baab2+unpatched

[1m== docker build -> ov203-nopatch-test:tmp ==[0m
#0 building with "default" instance using docker driver

#1 [internal] load build definition from Dockerfile
#1 transferring dockerfile: 11.86kB done
#1 DONE 0.0s

#2 resolve image config for docker-image://docker.io/docker/dockerfile:1.4
#2 DONE 0.7s

#3 docker-image://docker.io/docker/dockerfile:1.4@sha256:9ba7531bd80fb0a858632727cf7a112fbfd19b17e94c4e84ced81e24ef1a0dbc
#3 resolve docker.io/docker/dockerfile:1.4@sha256:9ba7531bd80fb0a858632727cf7a112fbfd19b17e94c4e84ced81e24ef1a0dbc 0.0s done
#3 CACHED

#4 [internal] load .dockerignore
#4 DONE 0.0s

#4 [internal] load .dockerignore
#4 transferring context: 471B done
#4 DONE 0.0s

#5 [internal] load metadata for docker.io/arm32v7/debian:bullseye
#5 DONE 0.1s

#6 [build-deps 1/5] FROM docker.io/arm32v7/debian:bullseye@sha256:fd8cf33bb1a98570e0f482f39a796b16b699ed6fd0d23b179f3586e0fd0a65f2
#6 resolve docker.io/arm32v7/debian:bullseye@sha256:fd8cf33bb1a98570e0f482f39a796b16b699ed6fd0d23b179f3586e0fd0a65f2 0.1s done
#6 DONE 0.1s

#7 [internal] load build context
#7 transferring context: 3.88MB 0.3s done
#7 DONE 0.4s

#8 [build-deps 3/5] RUN python3 -m venv /opt/venv
#8 CACHED

#9 [build-deps 4/5] COPY requirements-build.txt /tmp/requirements-build.txt
#9 CACHED

#10 [build-deps 2/5] RUN set -eux;     printf 'deb http://snapshot.debian.org/archive/debian/%s bullseye main\ndeb http://snapshot.debian.org/archive/debian-security/%s bullseye-security main\ndeb http://snapshot.debian.org/archive/debian/%s bullseye-updates main\n'         "20260824T000000Z" "20260824T000000Z" "20260824T000000Z" > /etc/apt/sources.list;     apt -o Acquire::Retries=5 -o Acquire::Check-Valid-Until=false -o Acquire::Check-Date=false update;     apt-get -o Acquire::Retries=5 install -y --no-install-recommends         build-essential         cmake         pkg-config         patch         git         ca-certificates         libusb-1.0-0-dev         zlib1g-dev         python3         python3-venv;     rm -rf /var/lib/apt/lists/*
#10 CACHED

#11 [build-deps 5/5] RUN pip install --no-cache-dir -r /tmp/requirements-build.txt;     rm -rf /root/.cache/pip;     python -c 'import sys; print("venv python:", sys.executable, sys.version)'
#11 CACHED

#12 [configure 1/3] RUN mkdir -p /work/src /work/build /work/stage
#12 DONE 0.6s

#13 [configure 2/3] RUN --mount=type=bind,source=vendor/openvino-2020.3.2,target=/work/src-ro     --mount=type=bind,source=patches,target=/work/patches-ro     --mount=type=bind,source=toolchain,target=/work/toolchain-ro     --mount=type=cache,target=/work/src     set -eux;     if [ -f /work/src/.sync_stamp ] && [ "$(cat /work/src/.sync_stamp)" = "0b3773b7405d955d48642667ac5113289b9baab2+unpatched" ]; then         echo "reusing patched source tree (stamp: 0b3773b7405d955d48642667ac5113289b9baab2+unpatched)";     else         echo "re-syncing source tree (stamp: 0b3773b7405d955d48642667ac5113289b9baab2+unpatched)";         find /work/src -mindepth 1 -delete;         cp -a /work/src-ro/. /work/src/;         if [ "0" = "1" ]; then             for p in $(ls /work/patches-ro/*.patch 2>/dev/null | sort); do                 echo "applying ${p}";                 patch -p1 -d /work/src --quiet < "${p}";             done;         else             echo "APPLY_PATCHES=0: leaving the vendor tree unpatched";         fi;         printf '%s' "0b3773b7405d955d48642667ac5113289b9baab2+unpatched" > /work/src/.sync_stamp;     fi;     cmake --version; gcc --version | head -1
#13 0.757 + [ -f /work/src/.sync_stamp ]
#13 0.757 + cat /work/src/.sync_stamp
#13 0.758 + [ 0b3773b7405d955d48642667ac5113289b9baab2+88dea63fa029473b396433ac0b61ff2547611a74a9e3eeeb5721552bbce6a2e1 = 0b3773b7405d955d48642667ac5113289b9baab2+unpatched ]
#13 0.758 + echo re-syncing source tree (stamp: 0b3773b7405d955d48642667ac5113289b9baab2+unpatched)
#13 0.758 + find /work/src -mindepth 1 -delete
#13 0.758 re-syncing source tree (stamp: 0b3773b7405d955d48642667ac5113289b9baab2+unpatched)
#13 0.909 + cp -a /work/src-ro/. /work/src/
#13 1.312 APPLY_PATCHES=0: leaving the vendor tree unpatched
#13 1.312 + [ 0 = 1 ]
#13 1.312 + echo APPLY_PATCHES=0: leaving the vendor tree unpatched
#13 1.312 + printf %s 0b3773b7405d955d48642667ac5113289b9baab2+unpatched
#13 1.312 + cmake --version
#13 1.322 cmake version 3.18.4
#13 1.322 
#13 1.322 CMake suite maintained and supported by Kitware (kitware.com/cmake).
#13 1.323 + gcc --version
#13 1.323 + head -1
#13 1.324 gcc (Debian 10.2.1-6) 10.2.1 20210110
#13 DONE 11.5s

#14 [configure 3/3] RUN --mount=type=bind,source=toolchain,target=/work/toolchain-ro     --mount=type=bind,source=vendor/deps,target=/work/deps     --mount=type=cache,target=/work/src     --mount=type=cache,target=/work/build     set -eux;     test -f /work/src/CMakeLists.txt;     cmake -S /work/src -B /work/build         -DCMAKE_BUILD_TYPE=Release         -DCMAKE_TOOLCHAIN_FILE=/work/toolchain-ro/armv7-native.toolchain.cmake         -DCMAKE_INSTALL_PREFIX=/work/stage         -DTHREADS_PTHREAD_ARG=-pthread         -DCMAKE_EXE_LINKER_FLAGS=-pthread         -DCMAKE_SHARED_LINKER_FLAGS=-pthread         -DENABLE_VPU=ON         -DENABLE_MYRIAD=ON         -DENABLE_MYRIAD_NO_BOOT=OFF         -DENABLE_INTEL_MYRIAD_COMMON_ENABLE=ON         -DENABLE_IR_READER=ON         -DENABLE_GNA=OFF         -DENABLE_MKL_DNN=OFF         -DENABLE_CLDNN=OFF         -DENABLE_OPENCV=OFF         -DENABLE_SAMPLES=OFF         -DENABLE_TESTS=OFF         -DENABLE_FUNCTIONAL_TESTS=OFF         -DENABLE_BEH_TESTS=OFF         -DENABLE_PYTHON=OFF         -DENABLE_PROFILING_ITT=OFF         -DENABLE_DEBUG_SYMBOLS=OFF         -DENABLE_LTO=OFF         -DTHREADING=SEQ         -DNGRAPH_UNIT_TEST_ENABLE=FALSE         -DNGRAPH_ONNX_IMPORT_ENABLE=FALSE         -DNGRAPH_INTERPRETER_ENABLE=TRUE;     grep -E 'TARGET_ARCH|CMAKE_SYSTEM_PROCESSOR|CMAKE_CROSSCOMPILING|Enabling VPU|VPU firmware|Myriad|THREADING|ARCH'         /work/build/CMakeCache.txt /work/build/CMakeFiles/CMakeOutput.log 2>/dev/null || true;     ls -l /work/build
#14 0.465 + test -f /work/src/CMakeLists.txt
#14 0.465 + cmake -S /work/src -B /work/build -DCMAKE_BUILD_TYPE=Release -DCMAKE_TOOLCHAIN_FILE=/work/toolchain-ro/armv7-native.toolchain.cmake -DCMAKE_INSTALL_PREFIX=/work/stage -DTHREADS_PTHREAD_ARG=-pthread -DCMAKE_EXE_LINKER_FLAGS=-pthread -DCMAKE_SHARED_LINKER_FLAGS=-pthread -DENABLE_VPU=ON -DENABLE_MYRIAD=ON -DENABLE_MYRIAD_NO_BOOT=OFF -DENABLE_INTEL_MYRIAD_COMMON_ENABLE=ON -DENABLE_IR_READER=ON -DENABLE_GNA=OFF -DENABLE_MKL_DNN=OFF -DENABLE_CLDNN=OFF -DENABLE_OPENCV=OFF -DENABLE_SAMPLES=OFF -DENABLE_TESTS=OFF -DENABLE_FUNCTIONAL_TESTS=OFF -DENABLE_BEH_TESTS=OFF -DENABLE_PYTHON=OFF -DENABLE_PROFILING_ITT=OFF -DENABLE_DEBUG_SYMBOLS=OFF -DENABLE_LTO=OFF -DTHREADING=SEQ -DNGRAPH_UNIT_TEST_ENABLE=FALSE -DNGRAPH_ONNX_IMPORT_ENABLE=FALSE -DNGRAPH_INTERPRETER_ENABLE=TRUE
#14 0.493 fatal: not a git repository (or any parent up to mount point /work)
#14 0.493 Stopping at filesystem boundary (GIT_DISCOVERY_ACROSS_FILESYSTEM not set).
#14 0.494 fatal: not a git repository (or any parent up to mount point /work)
#14 0.494 Stopping at filesystem boundary (GIT_DISCOVERY_ACROSS_FILESYSTEM not set).
#14 0.500 -- CMAKE_BUILD_TYPE: Release
#14 0.503 fatal: not a git repository (or any parent up to mount point /work)
#14 0.503 Stopping at filesystem boundary (GIT_DISCOVERY_ACROSS_FILESYSTEM not set).
#14 0.504 fatal: not a git repository (or any parent up to mount point /work)
#14 0.504 Stopping at filesystem boundary (GIT_DISCOVERY_ACROSS_FILESYSTEM not set).
#14 0.504 -- Detected 32 bit architecture
#14 0.504 -- Inference Engine enabled features: 
#14 0.504 -- 
#14 0.504 --     CI_BUILD_NUMBER: custom__
#14 0.504 --     ENABLE_MKL_DNN = OFF
#14 0.504 --     ENABLE_CLDNN = OFF
#14 0.504 --     ENABLE_LTO = OFF
#14 0.504 --     OS_FOLDER = OFF
#14 0.504 --     TREAT_WARNING_AS_ERROR = OFF
#14 0.504 --     ENABLE_SANITIZER = OFF
#14 0.504 --     ENABLE_THREAD_SANITIZER = OFF
#14 0.504 --     COVERAGE = OFF
#14 0.504 --     ENABLE_SSE42 = OFF
#14 0.504 --     ENABLE_AVX2 = OFF
#14 0.504 --     ENABLE_AVX512F = OFF
#14 0.504 -- 
#14 0.505 -- DL_SDK_TEMP environment is set : /work/stage
#14 0.507 -- Could NOT find Wget (missing: WGET_EXECUTABLE) 
#14 0.508 -- Copying from local folder /work/deps/protoc-3.7.1-linux-x86_64.tar.gz to /work/stage/download/protoc-3.7.1-linux-x86_64.tar.gz ... 
#14 0.508 CMake Error at cmake/download/download_and_check.cmake:51 (file):
#14 0.508   file COPY cannot find "/work/deps/protoc-3.7.1-linux-x86_64.tar.gz": No
#14 0.508   such file or directory.
#14 0.508 Call Stack (most recent call first):
#14 0.508   cmake/download/download_and_extract.cmake:72 (DownloadAndCheck)
#14 0.508   cmake/download/download_and_extract.cmake:112 (DownloadAndExtractInternal)
#14 0.508   cmake/download/download_and_extract.cmake:170 (DownloadOrExtractInternal)
#14 0.508   cmake/download/download_and_extract.cmake:50 (CheckOrDownloadAndExtract)
#14 0.508   cmake/download/dependency_solver.cmake:18 (DownloadAndExtractPlatformSpecific)
#14 0.508   cmake/download/dependency_solver.cmake:124 (resolve_archive_dependency)
#14 0.508   cmake/dependencies.cmake:16 (RESOLVE_DEPENDENCY)
#14 0.508   CMakeLists.txt:34 (include)
#14 0.508 
#14 0.508 
#14 0.509 -- extracting...
#14 0.509          src='/work/stage/download/protoc-3.7.1-linux-x86_64.tar.gz'
#14 0.509          dst='/work/stage/protoc-3.7.1-linux-x86_64'
#14 0.509 CMake Error at cmake/download/extract.cmake:16 (message):
#14 0.509   error: file to extract does not exist:
#14 0.509   '/work/stage/download/protoc-3.7.1-linux-x86_64.tar.gz'
#14 0.509 Call Stack (most recent call first):
#14 0.509   cmake/download/download_and_extract.cmake:95 (extract)
#14 0.509   cmake/download/download_and_extract.cmake:85 (ExtractWithVersion)
#14 0.509   cmake/download/download_and_extract.cmake:112 (DownloadAndExtractInternal)
#14 0.509   cmake/download/download_and_extract.cmake:170 (DownloadOrExtractInternal)
#14 0.509   cmake/download/download_and_extract.cmake:50 (CheckOrDownloadAndExtract)
#14 0.509   cmake/download/dependency_solver.cmake:18 (DownloadAndExtractPlatformSpecific)
#14 0.509   cmake/download/dependency_solver.cmake:124 (resolve_archive_dependency)
#14 0.509   cmake/dependencies.cmake:16 (RESOLVE_DEPENDENCY)
#14 0.509   CMakeLists.txt:34 (include)
#14 0.509 
#14 0.509 
#14 0.509 -- Configuring incomplete, errors occurred!
#14 0.509 See also "/work/build/CMakeFiles/CMakeOutput.log".
#14 ERROR: process "/bin/sh -c set -eux;     test -f /work/src/CMakeLists.txt;     cmake -S /work/src -B /work/build         -DCMAKE_BUILD_TYPE=Release         -DCMAKE_TOOLCHAIN_FILE=/work/toolchain-ro/armv7-native.toolchain.cmake         -DCMAKE_INSTALL_PREFIX=/work/stage         -DTHREADS_PTHREAD_ARG=-pthread         -DCMAKE_EXE_LINKER_FLAGS=-pthread         -DCMAKE_SHARED_LINKER_FLAGS=-pthread         -DENABLE_VPU=ON         -DENABLE_MYRIAD=ON         -DENABLE_MYRIAD_NO_BOOT=OFF         -DENABLE_INTEL_MYRIAD_COMMON_ENABLE=ON         -DENABLE_IR_READER=ON         -DENABLE_GNA=OFF         -DENABLE_MKL_DNN=OFF         -DENABLE_CLDNN=OFF         -DENABLE_OPENCV=OFF         -DENABLE_SAMPLES=OFF         -DENABLE_TESTS=OFF         -DENABLE_FUNCTIONAL_TESTS=OFF         -DENABLE_BEH_TESTS=OFF         -DENABLE_PYTHON=OFF         -DENABLE_PROFILING_ITT=OFF         -DENABLE_DEBUG_SYMBOLS=OFF         -DENABLE_LTO=OFF         -DTHREADING=SEQ         -DNGRAPH_UNIT_TEST_ENABLE=FALSE         -DNGRAPH_ONNX_IMPORT_ENABLE=FALSE         -DNGRAPH_INTERPRETER_ENABLE=TRUE;     grep -E 'TARGET_ARCH|CMAKE_SYSTEM_PROCESSOR|CMAKE_CROSSCOMPILING|Enabling VPU|VPU firmware|Myriad|THREADING|ARCH'         /work/build/CMakeCache.txt /work/build/CMakeFiles/CMakeOutput.log 2>/dev/null || true;     ls -l /work/build" did not complete successfully: exit code: 1
------
 > [configure 3/3] RUN --mount=type=bind,source=toolchain,target=/work/toolchain-ro     --mount=type=bind,source=vendor/deps,target=/work/deps     --mount=type=cache,target=/work/src     --mount=type=cache,target=/work/build     set -eux;     test -f /work/src/CMakeLists.txt;     cmake -S /work/src -B /work/build         -DCMAKE_BUILD_TYPE=Release         -DCMAKE_TOOLCHAIN_FILE=/work/toolchain-ro/armv7-native.toolchain.cmake         -DCMAKE_INSTALL_PREFIX=/work/stage         -DTHREADS_PTHREAD_ARG=-pthread         -DCMAKE_EXE_LINKER_FLAGS=-pthread         -DCMAKE_SHARED_LINKER_FLAGS=-pthread         -DENABLE_VPU=ON         -DENABLE_MYRIAD=ON         -DENABLE_MYRIAD_NO_BOOT=OFF         -DENABLE_INTEL_MYRIAD_COMMON_ENABLE=ON         -DENABLE_IR_READER=ON         -DENABLE_GNA=OFF         -DENABLE_MKL_DNN=OFF         -DENABLE_CLDNN=OFF         -DENABLE_OPENCV=OFF         -DENABLE_SAMPLES=OFF         -DENABLE_TESTS=OFF         -DENABLE_FUNCTIONAL_TESTS=OFF         -DENABLE_BEH_TESTS=OFF         -DENABLE_PYTHON=OFF         -DENABLE_PROFILING_ITT=OFF         -DENABLE_DEBUG_SYMBOLS=OFF         -DENABLE_LTO=OFF         -DTHREADING=SEQ         -DNGRAPH_UNIT_TEST_ENABLE=FALSE         -DNGRAPH_ONNX_IMPORT_ENABLE=FALSE         -DNGRAPH_INTERPRETER_ENABLE=TRUE;     grep -E 'TARGET_ARCH|CMAKE_SYSTEM_PROCESSOR|CMAKE_CROSSCOMPILING|Enabling VPU|VPU firmware|Myriad|THREADING|ARCH'         /work/build/CMakeCache.txt /work/build/CMakeFiles/CMakeOutput.log 2>/dev/null || true;     ls -l /work/build:
0.509   cmake/download/download_and_extract.cmake:170 (DownloadOrExtractInternal)
0.509   cmake/download/download_and_extract.cmake:50 (CheckOrDownloadAndExtract)
0.509   cmake/download/dependency_solver.cmake:18 (DownloadAndExtractPlatformSpecific)
0.509   cmake/download/dependency_solver.cmake:124 (resolve_archive_dependency)
0.509   cmake/dependencies.cmake:16 (RESOLVE_DEPENDENCY)
0.509   CMakeLists.txt:34 (include)
0.509 
0.509 
0.509 -- Configuring incomplete, errors occurred!
0.509 See also "/work/build/CMakeFiles/CMakeOutput.log".
------
ERROR: failed to build: failed to solve: process "/bin/sh -c set -eux;     test -f /work/src/CMakeLists.txt;     cmake -S /work/src -B /work/build         -DCMAKE_BUILD_TYPE=Release         -DCMAKE_TOOLCHAIN_FILE=/work/toolchain-ro/armv7-native.toolchain.cmake         -DCMAKE_INSTALL_PREFIX=/work/stage         -DTHREADS_PTHREAD_ARG=-pthread         -DCMAKE_EXE_LINKER_FLAGS=-pthread         -DCMAKE_SHARED_LINKER_FLAGS=-pthread         -DENABLE_VPU=ON         -DENABLE_MYRIAD=ON         -DENABLE_MYRIAD_NO_BOOT=OFF         -DENABLE_INTEL_MYRIAD_COMMON_ENABLE=ON         -DENABLE_IR_READER=ON         -DENABLE_GNA=OFF         -DENABLE_MKL_DNN=OFF         -DENABLE_CLDNN=OFF         -DENABLE_OPENCV=OFF         -DENABLE_SAMPLES=OFF         -DENABLE_TESTS=OFF         -DENABLE_FUNCTIONAL_TESTS=OFF         -DENABLE_BEH_TESTS=OFF         -DENABLE_PYTHON=OFF         -DENABLE_PROFILING_ITT=OFF         -DENABLE_DEBUG_SYMBOLS=OFF         -DENABLE_LTO=OFF         -DTHREADING=SEQ         -DNGRAPH_UNIT_TEST_ENABLE=FALSE         -DNGRAPH_ONNX_IMPORT_ENABLE=FALSE         -DNGRAPH_INTERPRETER_ENABLE=TRUE;     grep -E 'TARGET_ARCH|CMAKE_SYSTEM_PROCESSOR|CMAKE_CROSSCOMPILING|Enabling VPU|VPU firmware|Myriad|THREADING|ARCH'         /work/build/CMakeCache.txt /work/build/CMakeFiles/CMakeOutput.log 2>/dev/null || true;     ls -l /work/build" did not complete successfully: exit code: 1
